

HI-TECH Software 8051 Macro Assembler V9.60                                Page 1
                                                       Tue May 16 12:53:22 2023

     1                           	psect	idata,class=DATA,space=1,limit=080h
     2                           	psect	irdata,class=DATA,limit=080h
     3                           	global	_isr_ex0
     4                           	signat	_isr_ex0,88
     5                           	global	stack_internal
     6                           	psect	text,class=CODE
     7                           	psect	text
     8                           	file	"C:\Users\student\Desktop\8C3EF~1\8pr\1783
                                 1~1\main.c"
     9                           	line	6
    10  0000'                    _isr_ex0:
    11  0000' 80 1C              	j	f1421
    12  0002'                    f1420:
    13                           ;main.c: 5: interrupt void isr_ex0(void)
    14                           
    15                           ;main.c: 6: {
    16                           
    17                           ;main.c: 7: if (flag == 0) flag = 1;
    18                           
    19                           	global	_flag
    20                           	line	7
    21  0002' E5 01'             	mov	a,_flag+1
    22  0004' 45 00'             	orl	a,_flag
    23  0006' 70 02              	bnz	u11
    24  0008' 80 02              	jmp	u10
    25  000A'                    u11:
    26  000A' 80 08              	jmp	l3
    27  000C'                    u10:
    28  000C' 75 00' 00          	mov	_flag,#high(1)
    29  000F' 75 01' 01          	mov	_flag+1,#low(1)
    30  0012' 80 05              	jmp	l4
    31                           	line	8
    32  0014'                    l3:
    33                           ;main.c: 8: else flag = 0;
    34                           
    35  0014' E4                 	clr	a
    36  0015' F5 00'             	mov	_flag,a
    37  0017' F5 01'             	mov	_flag+1,a
    38  0019'                    l4:
    39                           ;main.c: 9: }
    40                           
    41                           	line	9
    42  0019'                    l2:
    43                           	FNROOT	_isr_ex0
    44  0019' D0 E0              	pop	acc
    45  001B' D0 D0              	pop	psw
    46  001D' 32                 	reti
    47  001E'                    f1421:
    48  001E' C0 D0              	push	psw
    49  0020' C0 E0              	push	acc
    50  0022' 80 DE              	j	f1420
    51  0000                     f1422	equ	0
    52                           	global	_main
    53                           	signat	_main,88
    54                           	line	13
    55  0024'                    _main:
    56  0024' 80 35              	j	f1431
    57  0026'                    f1430:
    58                           ;main.c: 12: void main()
    59                           
    60                           ;main.c: 13: {
    61                           
    62                           ;main.c: 14: IT0 = 1;
    63                           
    64                           	line	14
    65  0026' D2 88              	setb	tcon.0
    66                           ;main.c: 15: EX0 = 1;
    67                           
    68                           	line	15
    69  0028' D2 A8              	setb	ie.0
    70                           ;main.c: 16: EA = 1;
    71                           
    72                           	line	16
    73  002A' D2 AF              	setb	ie.7
    74                           ;main.c: 17: P1 = 0xff;
    75                           
    76                           	line	17
    77  002C' 75 90 FF           	mov	090h,#255
    78                           ;main.c: 18: P2 = 0x00;
    79                           
    80                           	line	18
    81  002F' 75 A0 00           	mov	0A0h,#0
    82                           ;main.c: 20: while(1){
    83                           
    84                           	line	20
    85  0032'                    l7:
    86                           ;main.c: 21: P36 = 1;
    87                           
    88                           	line	21
    89  0032' D2 B6              	setb	p3.6
    90                           ;main.c: 22: P36 = 0;
    91                           
    92                           	line	22
    93  0034' C2 B6              	clr	p3.6
    94                           ;main.c: 23: while(P37 == 1);
    95                           
    96                           	line	23
    97  0036' 80 00              	jmp	l9
    98  0038'                    l10:
    99  0038'                    l9:
   100  0038' 20 B7 02           	bb	p3.7, u21
   101  003B' 80 02              	jmp	u20
   102  003D'                    u21:
   103  003D' 80 F9              	jmp	l10
   104  003F'                    u20:
   105  003F'                    l11:
   106                           ;main.c: 24: if (flag == 1) P2 = P1;
   107                           
   108                           	line	24
   109  003F' E5 01'             	mov	a,_flag+1
   110  0041' B4 01 07           	cbne	a,#low (1),u31
   111  0044' E5 00'             	mov	a,_flag
   112  0046' B4 00 02           	cbne	a,#high (1),u31
   113  0049' 80 02              	jmp	u30
   114  004B'                    u31:
   115  004B' 80 05              	jmp	l12
   116  004D'                    u30:
   117  004D' 85 90 A0           	mov	0A0h,090h
   118  0050' 80 06              	jmp	l13
   119                           	line	25
   120  0052'                    l12:
   121                           ;main.c: 25: else P2 = P1/2;
   122                           
   123  0052' E5 90              	mov	a,090h
   124  0054' C3                 		clr	c
   125  0055' 13                 	rrc	a
   126                           
   127  0056' F5 A0              	mov	0A0h,a
   128  0058'                    l13:
   129                           	line	26
   130  0058'                    l6:
   131                           	line	20
   132  0058' 80 D8              	jmp	l7
   133  005A'                    l8:
   134                           ;main.c: 26: }
   135                           
   136                           ;main.c: 27: }
   137                           
   138                           	line	27
   139  005A'                    l5:
   140  005A' 22                 	ret
   141  005B'                    f1431:
   142  005B' 80 C9              	j	f1430
   143  0000                     f1432	equ	0
   144  0000                     _A10	equ	162
   145  0000                     _A11	equ	163
   146  0000                     _A12	equ	164
   147  0000                     _A13	equ	165
   148  0000                     _A14	equ	166
   149  0000                     _A15	equ	167
   150  0000                     _A8	equ	160
   151  0000                     _A9	equ	161
   152  0000                     _AC	equ	214
   153  0000                     _ACC0	equ	224
   154  0000                     _ACC1	equ	225
   155  0000                     _ACC2	equ	226
   156  0000                     _ACC3	equ	227
   157  0000                     _ACC4	equ	228
   158  0000                     _ACC5	equ	229
   159  0000                     _ACC6	equ	230
   160  0000                     _ACC7	equ	231
   161  0000                     _AD0	equ	128
   162  0000                     _AD1	equ	129
   163  0000                     _AD2	equ	130
   164  0000                     _AD3	equ	131
   165  0000                     _AD4	equ	132
   166  0000                     _AD5	equ	133
   167  0000                     _AD6	equ	134
   168  0000                     _AD7	equ	135
   169  0000                     _B0	equ	240
   170  0000                     _B1	equ	241
   171  0000                     _B2	equ	242
   172  0000                     _B3	equ	243
   173  0000                     _B4	equ	244
   174  0000                     _B5	equ	245
   175  0000                     _B6	equ	246
   176  0000                     _B7	equ	247
   177  0000                     _CY	equ	215
   178  0000                     _EA	equ	175
   179  0000                     _ES	equ	172
   180  0000                     _ET0	equ	169
   181  0000                     _ET1	equ	171
   182  0000                     _EX0	equ	168
   183  0000                     _EX1	equ	170
   184  0000                     _F0	equ	213
   185  0000                     _IE0	equ	137
   186  0000                     _IE1	equ	139
   187  0000                     _INT0	equ	178
   188  0000                     _INT1	equ	179
   189  0000                     _IT0	equ	136
   190  0000                     _IT1	equ	138
   191  0000                     _OV	equ	210
   192  0000                     _P	equ	208
   193  0000                     _P00	equ	128
   194  0000                     _P01	equ	129
   195  0000                     _P02	equ	130
   196  0000                     _P03	equ	131
   197  0000                     _P04	equ	132
   198  0000                     _P05	equ	133
   199  0000                     _P06	equ	134
   200  0000                     _P07	equ	135
   201  0000                     _P10	equ	144
   202  0000                     _P11	equ	145
   203  0000                     _P12	equ	146
   204  0000                     _P13	equ	147
   205  0000                     _P14	equ	148
   206  0000                     _P15	equ	149
   207  0000                     _P16	equ	150
   208  0000                     _P17	equ	151
   209  0000                     _P20	equ	160
   210  0000                     _P21	equ	161
   211  0000                     _P22	equ	162
   212  0000                     _P23	equ	163
   213  0000                     _P24	equ	164
   214  0000                     _P25	equ	165
   215  0000                     _P26	equ	166
   216  0000                     _P27	equ	167
   217  0000                     _P30	equ	176
   218  0000                     _P31	equ	177
   219  0000                     _P32	equ	178
   220  0000                     _P33	equ	179
   221  0000                     _P34	equ	180
   222  0000                     _P35	equ	181
   223  0000                     _P36	equ	182
   224  0000                     _P37	equ	183
   225  0000                     _PS	equ	188
   226  0000                     _PT0	equ	185
   227  0000                     _PT1	equ	187
   228  0000                     _PX0	equ	184
   229  0000                     _PX1	equ	186
   230  0000                     _RB8	equ	154
   231  0000                     _RD	equ	183
   232  0000                     _REN	equ	156
   233  0000                     _RI	equ	152
   234  0000                     _RS0	equ	211
   235  0000                     _RS1	equ	212
   236  0000                     _RXD	equ	176
   237  0000                     _SM0	equ	159
   238  0000                     _SM1	equ	158
   239  0000                     _SM2	equ	157
   240  0000                     _T0	equ	180
   241  0000                     _T1	equ	181
   242  0000                     _TB8	equ	155
   243  0000                     _TF0	equ	141
   244  0000                     _TF1	equ	143
   245  0000                     _TI	equ	153
   246  0000                     _TR0	equ	140
   247  0000                     _TR1	equ	142
   248  0000                     _TXD	equ	177
   249  0000                     _WR	equ	182
   250  0000                     _ACC	equ	224
   251  0000                     _B	equ	240
   252  0000                     _DPH	equ	131
   253  0000                     _DPL	equ	130
   254  0000                     _IE	equ	168
   255  0000                     _IP	equ	184
   256  0000                     _P0	equ	128
   257  0000                     _P1	equ	144
   258  0000                     _P2	equ	160
   259  0000                     _P3	equ	176
   260  0000                     _PCON	equ	135
   261  0000                     _PSW	equ	208
   262  0000                     _SBUF	equ	153
   263  0000                     _SCON	equ	152
   264  0000                     _SP	equ	129
   265  0000                     _TCON	equ	136
   266  0000                     _TH0	equ	140
   267  0000                     _TH1	equ	141
   268  0000                     _TL0	equ	138
   269  0000                     _TL1	equ	139
   270  0000                     _TMOD	equ	137
   271  0000                     _ACC_BITS	equ	224
   272  0000                     _B_BITS	equ	240
   273  0000                     _IE_BITS	equ	168
   274  0000                     _IP_BITS	equ	184
   275  0000                     _P0_BITS	equ	128
   276  0000                     _P1_BITS	equ	144
   277  0000                     _P2_BITS	equ	160
   278  0000                     _P3_BITS	equ	176
   279  0000                     _PCON_BITS	equ	135
   280  0000                     _PSW_BITS	equ	208
   281  0000                     _SCON_BITS	equ	152
   282  0000                     _TCON_BITS	equ	136
   283  0000                     _TMOD_BITS	equ	137
   284                           	psect	rbss,class=DATA,space=1
   285                           	psect	rbss
   286                           	global	_flag
   287  0000'                    _flag:
   288  0000'                    	ds	2


HI-TECH Software 8051 Macro Assembler V9.60                                Page 2
Symbol Table                                           Tue May 16 12:53:22 2023

            _B 000F0              l2 00019              l3 00014  
            l4 00019              l5 0005A              _P 000D0  
            l6 00058              l7 00032              l8 0005A  
            l9 00038             _B0 000F0             _B1 000F1  
           _B2 000F2             _B3 000F3             _B4 000F4  
           _B5 000F5             _B6 000F6             _A8 000A0  
           _B7 000F7             _A9 000A1             _F0 000D5  
           _AC 000D6             l10 00038             l11 0003F  
           l12 00052             l13 00058             _EA 000AF  
           _P0 00080             _P1 00090             _P2 000A0  
           _P3 000B0             _IE 000A8             _T0 000B4  
           _T1 000B5             _ES 000AC             _CY 000D7  
           _IP 000B8             _RD 000B7             u10 0000C  
           u11 0000A             u20 0003F             _RI 00098  
           u21 0003D             u30 0004D             u31 0004B  
           _TI 00099             _PS 000BC             _OV 000D2  
           _SP 00081             _WR 000B6         _B_BITS 000F0  
          _A10 000A2            _A11 000A3            _A12 000A4  
          _A13 000A5            _A14 000A6            _A15 000A7  
          _AD0 00080            _AD1 00081            _AD2 00082  
          _AD3 00083            _AD4 00084            _AD5 00085  
          _AD6 00086            _AD7 00087            _ACC 000E0  
          _P00 00080            _P01 00081            _P10 00090  
          _P02 00082            _P11 00091            _P03 00083  
          _P20 000A0            _P12 00092            _P04 00084  
          _P21 000A1            _P13 00093            _P05 00085  
          _P30 000B0            _P22 000A2            _P14 00094  
          _P06 00086            _P31 000B1            _P23 000A3  
          _P15 00095            _P07 00087            _P32 000B2  
          _P24 000A4            _P16 00096            _P33 000B3  
          _P25 000A5            _P17 00097            _P34 000B4  
          _P26 000A6            _P35 000B5            _P27 000A7  
          _P36 000B6            _P37 000B7            _IE0 00089  
          _IE1 0008B            _ET0 000A9            _ET1 000AB  
          _EX0 000A8            _EX1 000AA            _DPH 00083  
          _DPL 00082            _IT0 00088            _IT1 0008A  
          _RB8 0009A            _TF0 0008D            _TB8 0009B  
          _TF1 0008F            _TH0 0008C            _TH1 0008D  
          _SM0 0009F            _SM1 0009E            _TL0 0008A  
          _SM2 0009D            _PT0 000B9            _TL1 0008B  
          _PT1 000BB            _RS0 000D3            _RS1 000D4  
          _REN 0009C            _PX0 000B8            _PX1 000BA  
          _TR0 0008C            _TR1 0008E            _RXD 000B0  
          _PSW 000D0            _TXD 000B1        _P0_BITS 00080  
      _P1_BITS 00090        _P2_BITS 000A0        _P3_BITS 000B0  
      _IE_BITS 000A8       _ACC_BITS 000E0        _IP_BITS 000B8  
         f1420 00002           f1421 0001E           f1430 00026  
         f1422 00000           f1431 0005B           f1432 00000  
         _ACC0 000E0           _ACC1 000E1           _ACC2 000E2  
         _ACC3 000E3           _ACC4 000E4           _ACC5 000E5  
         _ACC6 000E6           _ACC7 000E7  stack_internal 00000* 
         _INT0 000B2           _INT1 000B3           _PCON 00087  
         _SCON 00098           _SBUF 00099           _TCON 00088  
         _TMOD 00089           _flag 00000           _main 00024  
     _PSW_BITS 000D0        _isr_ex0 00000      _PCON_BITS 00087  
    _SCON_BITS 00098      _TCON_BITS 00088      _TMOD_BITS 00089  
